This is pdfTeX, Version 3.141592653-2.6-1.40.29 (MiKTeX 26.1) (preloaded format=pdflatex 2026.2.21)  30 MAY 2026 18:58
entering extended mode
 restricted \write18 enabled.
 file:line:error style messages enabled.
 %&-line parsing enabled.
**e:/UI/Sem_8/TA/LaTeX2e+Proceedings+Templates+download/paper.tex
(e:/UI/Sem_8/TA/LaTeX2e+Proceedings+Templates+download/paper.tex
LaTeX2e <2025-11-01>
L3 programming layer <2026-01-19>
(llncs.cls
Document Class: llncs 2024/01/29 v2.24 
 LaTeX document class for Lecture Notes in Computer Science
(D:\Program Files\MiKTeX\tex/latex/base\article.cls
Document Class: article 2025/01/22 v1.4n Standard LaTeX document class
(D:\Program Files\MiKTeX\tex/latex/base\size10.clo
File: size10.clo 2025/01/22 v1.4n Standard LaTeX file (size option)
)
\c@part=\count275
\c@section=\count276
\c@subsection=\count277
\c@subsubsection=\count278
\c@paragraph=\count279
\c@subparagraph=\count280
\c@figure=\count281
\c@table=\count282
\abovecaptionskip=\skip49
\belowcaptionskip=\skip50
\bibindent=\dimen148
) (D:\Program Files\MiKTeX\tex/latex/tools\multicol.sty
Package: multicol 2025/10/21 v2.0b multicolumn formatting (FMi)
\c@tracingmulticols=\count283
\mult@box=\box53
\multicol@leftmargin=\dimen149
\c@unbalance=\count284
\c@collectmore=\count285
\doublecol@number=\count286
\multicoltolerance=\count287
\multicolpretolerance=\count288
\full@width=\dimen150
\page@free=\dimen151
\premulticols=\dimen152
\postmulticols=\dimen153
\multicolsep=\skip51
\multicolbaselineskip=\skip52
\partial@page=\box54
\last@line=\box55
\mc@boxedresult=\box56
\maxbalancingoverflow=\dimen154
\mult@rightbox=\box57
\mult@grightbox=\box58
\mult@firstbox=\box59
\mult@gfirstbox=\box60
\@tempa=\box61
\@tempa=\box62
\@tempa=\box63
\@tempa=\box64
\@tempa=\box65
\@tempa=\box66
\@tempa=\box67
\@tempa=\box68
\@tempa=\box69
\@tempa=\box70
\@tempa=\box71
\@tempa=\box72
\@tempa=\box73
\@tempa=\box74
\@tempa=\box75
\@tempa=\box76
\@tempa=\box77
\@tempa=\box78
\@tempa=\box79
\@tempa=\box80
\@tempa=\box81
\@tempa=\box82
\@tempa=\box83
\@tempa=\box84
\@tempa=\box85
\@tempa=\box86
\@tempa=\box87
\@tempa=\box88
\@tempa=\box89
\@tempa=\box90
\@tempa=\box91
\@tempa=\box92
\@tempa=\box93
\@tempa=\box94
\@tempa=\box95
\@tempa=\box96
\c@minrows=\count289
\c@columnbadness=\count290
\c@finalcolumnbadness=\count291
\last@try=\dimen155
\multicolovershoot=\dimen156
\multicolundershoot=\dimen157
\mult@nat@firstbox=\box97
\colbreak@box=\box98
\mc@col@check@num=\count292
\g__mc_curr_col_int=\count293
) (D:\Program Files\MiKTeX\tex/latex/oberdiek\aliascnt.sty
Package: aliascnt 2018/09/07 v1.5 Alias counters (HO)
)
\c@chapter=\count294
LaTeX Font Info:    Redeclaring math symbol \Gamma on input line 379.
LaTeX Font Info:    Redeclaring math symbol \Delta on input line 380.
LaTeX Font Info:    Redeclaring math symbol \Theta on input line 381.
LaTeX Font Info:    Redeclaring math symbol \Lambda on input line 382.
LaTeX Font Info:    Redeclaring math symbol \Xi on input line 383.
LaTeX Font Info:    Redeclaring math symbol \Pi on input line 384.
LaTeX Font Info:    Redeclaring math symbol \Sigma on input line 385.
LaTeX Font Info:    Redeclaring math symbol \Upsilon on input line 386.
LaTeX Font Info:    Redeclaring math symbol \Phi on input line 387.
LaTeX Font Info:    Redeclaring math symbol \Psi on input line 388.
LaTeX Font Info:    Redeclaring math symbol \Omega on input line 389.
LaTeX Info: Redefining \vec on input line 394.
\tocchpnum=\dimen158
\tocsecnum=\dimen159
\tocsectotal=\dimen160
\tocsubsecnum=\dimen161
\tocsubsectotal=\dimen162
\tocsubsubsecnum=\dimen163
\tocsubsubsectotal=\dimen164
\tocparanum=\dimen165
\tocparatotal=\dimen166
\tocsubparanum=\dimen167
\@tempcntc=\count295
\fnindent=\dimen168
\c@@inst=\count296
\c@@auth=\count297
\c@auco=\count298
\instindent=\dimen169
\authrun=\box99
\authorrunning=\toks17
\tocauthor=\toks18
\titrun=\box100
\titlerunning=\toks19
\toctitle=\toks20
\c@theorem=\count299
\c@case=\count300
\c@conjecture=\count301
\c@corollary=\count302
\c@definition=\count303
\c@example=\count304
\c@exercise=\count305
\c@lemma=\count306
\c@note=\count307
\c@problem=\count308
\c@property=\count309
\c@proposition=\count310
\c@question=\count311
\c@solution=\count312
\c@remark=\count313
\headlineindent=\dimen170
) (D:\Program Files\MiKTeX\tex/latex/algorithm2e\algorithm2e.sty
Package: algorithm2e 2017/07/18 v5.2 algorithms environments
\c@AlgoLine=\count314
 (D:\Program Files\MiKTeX\tex/latex/base\ifthen.sty
Package: ifthen 2024/03/16 v1.1e Standard LaTeX ifthen package (DPC)
)
\algocf@hangindent=\skip53
 (D:\Program Files\MiKTeX\tex/latex/ifoddpage\ifoddpage.sty
Package: ifoddpage 2022/10/18 v1.2 Conditionals for odd/even page detection
\c@checkoddpage=\count315
) (D:\Program Files\MiKTeX\tex/latex/tools\xspace.sty
Package: xspace 2014/10/28 v1.13 Space after command names (DPC,MH)
) (D:\Program Files\MiKTeX\tex/latex/relsize\relsize.sty
Package: relsize 2013/03/29 ver 4.1
)
\skiptotal=\skip54
\skiplinenumber=\skip55
\skiprule=\skip56
\skiphlne=\skip57
\skiptext=\skip58
\skiplength=\skip59
\algomargin=\skip60
\skipalgocfslide=\skip61
\algowidth=\dimen171
\inoutsize=\dimen172
\inoutindent=\dimen173
\interspacetitleruled=\dimen174
\interspacealgoruled=\dimen175
\interspacetitleboxruled=\dimen176
\algocf@ruledwidth=\skip62
\algocf@inoutbox=\box101
\algocf@inputbox=\box102
\AlCapSkip=\skip63
\AlCapHSkip=\skip64
\algoskipindent=\skip65
\algocf@nlbox=\box103
\algocf@hangingbox=\box104
\algocf@untilbox=\box105
\algocf@skipuntil=\skip66
\algocf@capbox=\box106
\algocf@lcaptionbox=\skip67
\algoheightruledefault=\skip68
\algoheightrule=\skip69
\algotitleheightruledefault=\skip70
\algotitleheightrule=\skip71
\c@algocfline=\count316
\c@algocfproc=\count317
\c@algocf=\count318
\algocf@algoframe=\box107
\algocf@algobox=\box108
) (D:\Program Files\MiKTeX\tex/latex/bbm\bbm.sty
Package: bbm 1999/03/15 V 1.2 provides fonts for set symbols - TH
LaTeX Font Info:    Overwriting math alphabet `\mathbbm' in version `bold'
(Font)                  U/bbm/m/n --> U/bbm/bx/n on input line 33.
LaTeX Font Info:    Overwriting math alphabet `\mathbbmss' in version `bold'
(Font)                  U/bbmss/m/n --> U/bbmss/bx/n on input line 35.
) (D:\Program Files\MiKTeX\tex/latex/amsmath\amsmath.sty
Package: amsmath 2025/07/09 v2.17z AMS math features
\@mathmargin=\skip72

For additional information on amsmath, use the `?' option.
(D:\Program Files\MiKTeX\tex/latex/amsmath\amstext.sty
Package: amstext 2024/11/17 v2.01 AMS text
 (D:\Program Files\MiKTeX\tex/latex/amsmath\amsgen.sty
File: amsgen.sty 1999/11/30 v2.0 generic functions
\@emptytoks=\toks21
\ex@=\dimen177
)) (D:\Program Files\MiKTeX\tex/latex/amsmath\amsbsy.sty
Package: amsbsy 1999/11/29 v1.2d Bold Symbols
\pmbraise@=\dimen178
) (D:\Program Files\MiKTeX\tex/latex/amsmath\amsopn.sty
Package: amsopn 2022/04/08 v2.04 operator names
)
\inf@bad=\count319
LaTeX Info: Redefining \frac on input line 233.
\uproot@=\count320
\leftroot@=\count321
LaTeX Info: Redefining \overline on input line 398.
LaTeX Info: Redefining \colon on input line 409.
\classnum@=\count322
\DOTSCASE@=\count323
LaTeX Info: Redefining \ldots on input line 495.
LaTeX Info: Redefining \dots on input line 498.
LaTeX Info: Redefining \cdots on input line 619.
\Mathstrutbox@=\box109
\strutbox@=\box110
LaTeX Info: Redefining \big on input line 721.
LaTeX Info: Redefining \Big on input line 722.
LaTeX Info: Redefining \bigg on input line 723.
LaTeX Info: Redefining \Bigg on input line 724.
\big@size=\dimen179
LaTeX Font Info:    Redeclaring font encoding OML on input line 742.
LaTeX Font Info:    Redeclaring font encoding OMS on input line 743.


Package amsmath Warning: Unable to redefine math accent \vec.

\macc@depth=\count324
LaTeX Info: Redefining \bmod on input line 904.
LaTeX Info: Redefining \pmod on input line 909.
LaTeX Info: Redefining \smash on input line 939.
LaTeX Info: Redefining \relbar on input line 969.
LaTeX Info: Redefining \Relbar on input line 970.
\c@MaxMatrixCols=\count325
\dotsspace@=\muskip17
\c@parentequation=\count326
\dspbrk@lvl=\count327
\tag@help=\toks22
\row@=\count328
\column@=\count329
\maxfields@=\count330
\andhelp@=\toks23
\eqnshift@=\dimen180
\alignsep@=\dimen181
\tagshift@=\dimen182
\tagwidth@=\dimen183
\totwidth@=\dimen184
\lineht@=\dimen185
\@envbody=\toks24
\multlinegap=\skip73
\multlinetaggap=\skip74
\mathdisplay@stack=\toks25
LaTeX Info: Redefining \[ on input line 2950.
LaTeX Info: Redefining \] on input line 2951.
) (D:\Program Files\MiKTeX\tex/latex/mathtools\mathtools.sty
Package: mathtools 2024/10/04 v1.31 mathematical typesetting tools
 (D:\Program Files\MiKTeX\tex/latex/graphics\keyval.sty
Package: keyval 2022/05/29 v1.15 key=value parser (DPC)
\KV@toks@=\toks26
) (D:\Program Files\MiKTeX\tex/latex/tools\calc.sty
Package: calc 2025/03/01 v4.3b Infix arithmetic (KKT,FJ)
\calc@Acount=\count331
\calc@Bcount=\count332
\calc@Adimen=\dimen186
\calc@Bdimen=\dimen187
\calc@Askip=\skip75
\calc@Bskip=\skip76
LaTeX Info: Redefining \setlength on input line 86.
LaTeX Info: Redefining \addtolength on input line 87.
\calc@Ccount=\count333
\calc@Cskip=\skip77
) (D:\Program Files\MiKTeX\tex/latex/mathtools\mhsetup.sty
Package: mhsetup 2021/03/18 v1.4 programming setup (MH)
)
\g_MT_multlinerow_int=\count334
\l_MT_multwidth_dim=\dimen188
\origjot=\skip78
\l_MT_shortvdotswithinadjustabove_dim=\dimen189
\l_MT_shortvdotswithinadjustbelow_dim=\dimen190
\l_MT_above_intertext_sep=\dimen191
\l_MT_below_intertext_sep=\dimen192
\l_MT_above_shortintertext_sep=\dimen193
\l_MT_below_shortintertext_sep=\dimen194
\xmathstrut@box=\box111
\xmathstrut@dim=\dimen195
) (D:\Program Files\MiKTeX\tex/latex/amsfonts\amssymb.sty
Package: amssymb 2013/01/14 v3.01 AMS font symbols
 (D:\Program Files\MiKTeX\tex/latex/amsfonts\amsfonts.sty
Package: amsfonts 2013/01/14 v3.01 Basic AMSFonts support
\symAMSa=\mathgroup4
\symAMSb=\mathgroup5
LaTeX Font Info:    Redeclaring math symbol \hbar on input line 98.
LaTeX Font Info:    Overwriting math alphabet `\mathfrak' in version `bold'
(Font)                  U/euf/m/n --> U/euf/b/n on input line 106.
)) (D:\Program Files\MiKTeX\tex/latex/float\float.sty
Package: float 2001/11/08 v1.3d Float enhancements (AL)
\c@float@type=\count335
\float@exts=\toks27
\float@box=\box112
\@float@everytoks=\toks28
\@floatcapt=\box113
) (D:\Program Files\MiKTeX\tex/latex/base\fontenc.sty
Package: fontenc 2025/07/18 v2.1d Standard LaTeX package
) (D:\Program Files\MiKTeX\tex/latex/graphics\graphicx.sty
Package: graphicx 2024/12/31 v1.2e Enhanced LaTeX Graphics (DPC,SPQR)
 (D:\Program Files\MiKTeX\tex/latex/graphics\graphics.sty
Package: graphics 2024/08/06 v1.4g Standard LaTeX Graphics (DPC,SPQR)
 (D:\Program Files\MiKTeX\tex/latex/graphics\trig.sty
Package: trig 2023/12/02 v1.11 sin cos tan (DPC)
) (D:\Program Files\MiKTeX\tex/latex/graphics-cfg\graphics.cfg
File: graphics.cfg 2016/06/04 v1.11 sample graphics configuration
)
Package graphics Info: Driver file: pdftex.def on input line 106.
 (D:\Program Files\MiKTeX\tex/latex/graphics-def\pdftex.def
File: pdftex.def 2025/09/29 v1.2d Graphics/color driver for pdftex
))
\Gin@req@height=\dimen196
\Gin@req@width=\dimen197
) (D:\Program Files\MiKTeX\tex/latex/listings\listings.sty
\lst@mode=\count336
\lst@gtempboxa=\box114
\lst@token=\toks29
\lst@length=\count337
\lst@currlwidth=\dimen198
\lst@column=\count338
\lst@pos=\count339
\lst@lostspace=\dimen199
\lst@width=\dimen256
\lst@newlines=\count340
\lst@lineno=\count341
\lst@maxwidth=\dimen257
 (D:\Program Files\MiKTeX\tex/latex/listings\lstpatch.sty
File: lstpatch.sty 2025/11/14 1.11b (Carsten Heinz)
) (D:\Program Files\MiKTeX\tex/latex/listings\lstmisc.sty
File: lstmisc.sty 2025/11/14 1.11b (Carsten Heinz)
\c@lstnumber=\count342
\lst@skipnumbers=\count343
\lst@framebox=\box115
) (D:\Program Files\MiKTeX\tex/latex/listings\listings.cfg
File: listings.cfg 2025/11/14 1.11b listings configuration
))
Package: listings 2025/11/14 1.11b (Carsten Heinz)

==> First Aid for listings.sty no longer applied!
    Expected:
        2024/09/23 1.10c (Carsten Heinz)
    but found:
        2025/11/14 1.11b (Carsten Heinz)
    so I'm assuming it got fixed.
(D:\Program Files\MiKTeX\tex/latex/l3backend\l3backend-pdftex.def
File: l3backend-pdftex.def 2025-10-09 L3 backend support: PDF output (pdfTeX)
\l__color_backend_stack_int=\count344
) (paper.aux)
\openout1 = `paper.aux'.

LaTeX Font Info:    Checking defaults for OML/cmm/m/it on input line 30.
LaTeX Font Info:    ... okay on input line 30.
LaTeX Font Info:    Checking defaults for OMS/cmsy/m/n on input line 30.
LaTeX Font Info:    ... okay on input line 30.
LaTeX Font Info:    Checking defaults for OT1/cmr/m/n on input line 30.
LaTeX Font Info:    ... okay on input line 30.
LaTeX Font Info:    Checking defaults for T1/cmr/m/n on input line 30.
LaTeX Font Info:    ... okay on input line 30.
LaTeX Font Info:    Checking defaults for TS1/cmr/m/n on input line 30.
LaTeX Font Info:    ... okay on input line 30.
LaTeX Font Info:    Checking defaults for OMX/cmex/m/n on input line 30.
LaTeX Font Info:    ... okay on input line 30.
LaTeX Font Info:    Checking defaults for U/cmr/m/n on input line 30.
LaTeX Font Info:    ... okay on input line 30.
 (D:\Program Files\MiKTeX\tex/context/base/mkii\supp-pdf.mkii
[Loading MPS to PDF converter (version 2006.09.02).]
\scratchcounter=\count345
\scratchdimen=\dimen258
\scratchbox=\box116
\nofMPsegments=\count346
\nofMParguments=\count347
\everyMPshowfont=\toks30
\MPscratchCnt=\count348
\MPscratchDim=\dimen259
\MPnumerator=\count349
\makeMPintoPDFobject=\count350
\everyMPtoPDFconversion=\toks31
) (D:\Program Files\MiKTeX\tex/latex/epstopdf-pkg\epstopdf-base.sty
Package: epstopdf-base 2020-01-24 v2.11 Base part for package epstopdf
Package epstopdf-base Info: Redefining graphics rule for `.eps' on input line 485.
 (D:\Program Files\MiKTeX\tex/latex/00miktex\epstopdf-sys.cfg
File: epstopdf-sys.cfg 2021/03/18 v2.0 Configuration of epstopdf for MiKTeX
))
\c@lstlisting=\count351
LaTeX Font Info:    Trying to load font information for U+msa on input line 46.
 (D:\Program Files\MiKTeX\tex/latex/amsfonts\umsa.fd
File: umsa.fd 2013/01/14 v3.01 AMS symbols A
)
LaTeX Font Info:    Trying to load font information for U+msb on input line 46.
 (D:\Program Files\MiKTeX\tex/latex/amsfonts\umsb.fd
File: umsb.fd 2013/01/14 v3.01 AMS symbols B
)
Title too long for running head. Please supply
a shorter form with \titlerunning prior to \maketitle

Overfull \hbox (2.599pt too wide) in paragraph at lines 49--50
[]\T1/cmr/m/n/9 Post-quantum cryp-to-graphic al-go-rithms are gain-ing rel-e-vance
 []

[1

{C:/Users/Acer/AppData/Local/MiKTeX/fonts/map/pdftex/pdftex.map}] [2] [3]

pdfTeX warning: pdflatex (file ./images/KEM_diagram.pdf): PDF inclusion: found PDF version <1.7>, but at most version <1.5> allowed
<images/KEM_diagram.pdf, id=26, 283.0575pt x 370.5042pt>
File: images/KEM_diagram.pdf Graphic file (type pdf)
<use images/KEM_diagram.pdf>
Package pdftex.def Info: images/KEM_diagram.pdf  used on input line 96.
(pdftex.def)             Requested size: 124.96468pt x 163.57072pt.

Underfull \vbox (badness 10000) has occurred while \output is active []

 [4 <./images/KEM_diagram.pdf>] [5]

pdfTeX warning: pdflatex (file ./images/kyber-keygen.pdf): PDF inclusion: found PDF version <1.7>, but at most version <1.5> allowed
<images/kyber-keygen.pdf, id=59, 742.69469pt x 186.6975pt>
File: images/kyber-keygen.pdf Graphic file (type pdf)
<use images/kyber-keygen.pdf>
Package pdftex.def Info: images/kyber-keygen.pdf  used on input line 173.
(pdftex.def)             Requested size: 291.58249pt x 73.29602pt.
[6 <./images/kyber-keygen.pdf>]

pdfTeX warning: pdflatex (file ./images/kyber-encrypt.pdf): PDF inclusion: found PDF version <1.7>, but at most version <1.5> allowed
<images/kyber-encrypt.pdf, id=81, 833.03218pt x 334.3692pt>
File: images/kyber-encrypt.pdf Graphic file (type pdf)
<use images/kyber-encrypt.pdf>
Package pdftex.def Info: images/kyber-encrypt.pdf  used on input line 220.
(pdftex.def)             Requested size: 291.58249pt x 117.04117pt.
[7 <./images/kyber-encrypt.pdf>]

pdfTeX warning: pdflatex (file ./images/kyber-decrypt.pdf): PDF inclusion: found PDF version <1.7>, but at most version <1.5> allowed
<images/kyber-decrypt.pdf, id=111, 781.96138pt x 181.6386pt>
File: images/kyber-decrypt.pdf Graphic file (type pdf)
<use images/kyber-decrypt.pdf>
Package pdftex.def Info: images/kyber-decrypt.pdf  used on input line 273.
(pdftex.def)             Requested size: 291.58249pt x 67.73181pt.
[8]

pdfTeX warning: pdflatex (file ./images/DSS_diagram.pdf): PDF inclusion: found PDF version <1.7>, but at most version <1.5> allowed
<images/DSS_diagram.pdf, id=116, 349.305pt x 284.98468pt>
File: images/DSS_diagram.pdf Graphic file (type pdf)
<use images/DSS_diagram.pdf>
Package pdftex.def Info: images/DSS_diagram.pdf  used on input line 289.
(pdftex.def)             Requested size: 166.61781pt x 135.93878pt.

Underfull \vbox (badness 10000) has occurred while \output is active []

 [9 <./images/kyber-decrypt.pdf>] [10 <./images/DSS_diagram.pdf>]

pdfTeX warning: pdflatex (file ./images/dsa-keygen.pdf): PDF inclusion: found PDF version <1.7>, but at most version <1.5> allowed
<images/dsa-keygen.pdf, id=153, 614.295pt x 147.57133pt>
File: images/dsa-keygen.pdf Graphic file (type pdf)
<use images/dsa-keygen.pdf>
Package pdftex.def Info: images/dsa-keygen.pdf  used on input line 356.
(pdftex.def)             Requested size: 291.58249pt x 70.04756pt.
[11 <./images/dsa-keygen.pdf>]

pdfTeX warning: pdflatex (file ./images/dsa-sign.pdf): PDF inclusion: found PDF version <1.7>, but at most version <1.5> allowed
<images/dsa-sign.pdf, id=182, 984.5583pt x 435.54718pt>
File: images/dsa-sign.pdf Graphic file (type pdf)
<use images/dsa-sign.pdf>
Package pdftex.def Info: images/dsa-sign.pdf  used on input line 391.
(pdftex.def)             Requested size: 291.58249pt x 128.99039pt.
[12 <./images/dsa-sign.pdf>]
Underfull \vbox (badness 10000) has occurred while \output is active []

 [13]

pdfTeX warning: pdflatex (file ./images/dsa-verify.pdf): PDF inclusion: found PDF version <1.7>, but at most version <1.5> allowed
<images/dsa-verify.pdf, id=237, 1020.93419pt x 449.76028pt>
File: images/dsa-verify.pdf Graphic file (type pdf)
<use images/dsa-verify.pdf>
Package pdftex.def Info: images/dsa-verify.pdf  used on input line 437.
(pdftex.def)             Requested size: 291.58249pt x 128.45065pt.

Underfull \vbox (badness 10000) has occurred while \output is active []

 [14 <./images/dsa-verify.pdf>] [15]

pdfTeX warning: pdflatex (file ./images/Architecture_diagram.pdf): PDF inclusion: found PDF version <1.6>, but at most version <1.5> allowed
<images/Architecture_diagram.pdf, id=275, 845.04686pt x 700.23412pt>
File: images/Architecture_diagram.pdf Graphic file (type pdf)
<use images/Architecture_diagram.pdf>
Package pdftex.def Info: images/Architecture_diagram.pdf  used on input line 467.
(pdftex.def)             Requested size: 166.61781pt x 138.05698pt.

Underfull \vbox (badness 10000) has occurred while \output is active []

 [16]
<images/about_mldsa.pdf, id=279, 845.1575pt x 597.23125pt>
File: images/about_mldsa.pdf Graphic file (type pdf)
<use images/about_mldsa.pdf>
Package pdftex.def Info: images/about_mldsa.pdf  used on input line 477.
(pdftex.def)             Requested size: 166.61781pt x 117.73999pt.


pdfTeX warning: pdflatex (file ./images/process_overview.pdf): PDF inclusion: found PDF version <1.6>, but at most version <1.5> allowed
<images/process_overview.pdf, id=280, 845.04686pt x 525.85797pt>
File: images/process_overview.pdf Graphic file (type pdf)
<use images/process_overview.pdf>
Package pdftex.def Info: images/process_overview.pdf  used on input line 486.
(pdftex.def)             Requested size: 166.61781pt x 103.67728pt.

Underfull \vbox (badness 10000) has occurred while \output is active []

 [17 <./images/Architecture_diagram.pdf> <./images/about_mldsa.pdf>]

pdfTeX warning: pdflatex (file ./images/process_animation.pdf): PDF inclusion: found PDF version <1.6>, but at most version <1.5> allowed
<images/process_animation.pdf, id=289, 845.04686pt x 527.3644pt>
File: images/process_animation.pdf Graphic file (type pdf)
<use images/process_animation.pdf>
Package pdftex.def Info: images/process_animation.pdf  used on input line 493.
(pdftex.def)             Requested size: 166.61781pt x 103.97427pt.
[18 <./images/process_overview.pdf> <./images/process_animation.pdf>]
No file paper.bbl.

Underfull \hbox (badness 10000) in paragraph at lines 546--547
[]\T1/cmr/m/n/9 Kalava et al. (2025). Post-Quantum Se-cu-rity for Web Ap-pli-ca-tions.
 []


Underfull \hbox (badness 10000) in paragraph at lines 549--550
[]\T1/cmr/m/n/9 Kang, D. (2026). ML-KEM from Scratch. \T1/cmr/m/it/9 Github.io\T1/cmr/m/n/9 .
 []


Underfull \hbox (badness 10000) in paragraph at lines 555--556
[]\T1/cmr/m/n/9 Avanzi et al. (2021). CRYSTALS-Kyber. https://pq-
 []


Underfull \hbox (badness 10000) in paragraph at lines 558--559
[]\T1/cmr/m/n/9 Bai et al. (2021). CRYSTALS-Dilithium. https://pq-
 []


Underfull \hbox (badness 10000) in paragraph at lines 564--565
[]\T1/cmr/m/n/9 Barker et al. (2018). Rec-om-men-da-tion for the En-tropy Sources
 []


Underfull \hbox (badness 10000) in paragraph at lines 564--565
\T1/cmr/m/n/9 Used for Ran-dom Bit Gen-er-a-tion. \T1/cmr/m/it/9 NIST Spe-cial Pub-li-ca-tion 800-90B\T1/cmr/m/n/9 .
 []

[19]
Underfull \hbox (badness 2865) in paragraph at lines 579--580
\T1/cmr/m/it/9 Con-fer-ence on Hu-man Fac-tors in Com-put-ing Sys-tems - CHI '93\T1/cmr/m/n/9 , 61^^U66.
 []

[20] (paper.aux)
 ***********
LaTeX2e <2025-11-01>
L3 programming layer <2026-01-19>
 ***********
 ) 
Here is how much of TeX's memory you used:
 6592 strings out of 467866
 99103 string characters out of 5428395
 528652 words of memory out of 5000000
 35396 multiletter control sequences out of 15000+600000
 645943 words of font info for 82 fonts, out of 8000000 for 9000
 1141 hyphenation exceptions out of 8191
 57i,12n,65p,1204b,502s stack positions out of 10000i,1000n,20000p,200000b,200000s
 <C:\Users\Acer\AppData\Local\MiKTeX\fonts/pk/ljfour/jknappen/ec/dpi600\ectt1000.pk> <C:\Users\Acer\AppData\Local\MiKTeX\fonts/pk/ljfour/jknappen/ec/dpi600\ecbx0700.pk> <C:\Users\Acer\AppData\Local\MiKTeX\fonts/pk/ljfour/jknappen/ec/dpi600\ecti0900.pk> <C:\Users\Acer\AppData\Local\MiKTeX\fonts/pk/ljfour/jknappen/ec/dpi600\ecti1000.pk> <C:\Users\Acer\AppData\Local\MiKTeX\fonts/pk/ljfour/jknappen/ec/dpi600\ecbx1000.pk> <C:\Users\Acer\AppData\Local\MiKTeX\fonts/pk/ljfour/jknappen/ec/dpi600\ecbx1200.pk> <C:\Users\Acer\AppData\Local\MiKTeX\fonts/pk/ljfour/jknappen/ec/dpi600\tcrm0900.pk> <C:\Users\Acer\AppData\Local\MiKTeX\fonts/pk/ljfour/jknappen/ec/dpi600\ecbx0900.pk> <C:\Users\Acer\AppData\Local\MiKTeX\fonts/pk/ljfour/jknappen/ec/dpi600\ecrm0900.pk> <C:\Users\Acer\AppData\Local\MiKTeX\fonts/pk/ljfour/jknappen/ec/dpi600\ecrm1000.pk> <C:\Users\Acer\AppData\Local\MiKTeX\fonts/pk/ljfour/jknappen/ec/dpi600\ecbx1440.pk><D:/Program Files/MiKTeX/fonts/type1/public/amsfonts/cm/cmbx10.pfb><D:/Program Files/MiKTeX/fonts/type1/public/amsfonts/cm/cmex10.pfb><D:/Program Files/MiKTeX/fonts/type1/public/amsfonts/cm/cmmi10.pfb><D:/Program Files/MiKTeX/fonts/type1/public/amsfonts/cm/cmmi5.pfb><D:/Program Files/MiKTeX/fonts/type1/public/amsfonts/cm/cmmi6.pfb><D:/Program Files/MiKTeX/fonts/type1/public/amsfonts/cm/cmmi7.pfb><D:/Program Files/MiKTeX/fonts/type1/public/amsfonts/cm/cmmi9.pfb><D:/Program Files/MiKTeX/fonts/type1/public/amsfonts/cm/cmr10.pfb><D:/Program Files/MiKTeX/fonts/type1/public/amsfonts/cm/cmr5.pfb><D:/Program Files/MiKTeX/fonts/type1/public/amsfonts/cm/cmr6.pfb><D:/Program Files/MiKTeX/fonts/type1/public/amsfonts/cm/cmr7.pfb><D:/Program Files/MiKTeX/fonts/type1/public/amsfonts/cm/cmr9.pfb><D:/Program Files/MiKTeX/fonts/type1/public/amsfonts/cm/cmsy10.pfb><D:/Program Files/MiKTeX/fonts/type1/public/amsfonts/cm/cmsy6.pfb><D:/Program Files/MiKTeX/fonts/type1/public/amsfonts/cm/cmsy7.pfb><D:/Program Files/MiKTeX/fonts/type1/public/amsfonts/symbols/msbm10.pfb>
Output written on paper.pdf (20 pages, 1087882 bytes).
PDF statistics:
 807 PDF objects out of 1000 (max. 8388607)
 0 named destinations out of 1000 (max. 500000)
 61 words of extra memory for PDF output out of 10000 (max. 10000000)

