This is pdfTeX, Version 3.141592653-2.6-1.40.29 (MiKTeX 26.1) (preloaded format=pdflatex 2026.2.5)  3 MAY 2026 20:27
entering extended mode
 restricted \write18 enabled.
 file:line:error style messages enabled.
 %&-line parsing enabled.
**"d:/12TH SEMESTER!/Tugas Akhir/latviz/Visualization of LLL and BKZ.tex"
(d:/12TH SEMESTER!/Tugas Akhir/latviz/Visualization of LLL and BKZ.tex
LaTeX2e <2025-11-01>
L3 programming layer <2026-01-19>
(llncs.cls
Document Class: llncs 2024/01/29 v2.24 
 LaTeX document class for Lecture Notes in Computer Science
(D:\Program Files (D)\tex/latex/base\article.cls
Document Class: article 2025/01/22 v1.4n Standard LaTeX document class
(D:\Program Files (D)\tex/latex/base\size10.clo
File: size10.clo 2025/01/22 v1.4n Standard LaTeX file (size option)
)
\c@part=\count275
\c@section=\count276
\c@subsection=\count277
\c@subsubsection=\count278
\c@paragraph=\count279
\c@subparagraph=\count280
\c@figure=\count281
\c@table=\count282
\abovecaptionskip=\skip49
\belowcaptionskip=\skip50
\bibindent=\dimen148
) (D:\Program Files (D)\tex/latex/tools\multicol.sty
Package: multicol 2025/10/21 v2.0b multicolumn formatting (FMi)
\c@tracingmulticols=\count283
\mult@box=\box53
\multicol@leftmargin=\dimen149
\c@unbalance=\count284
\c@collectmore=\count285
\doublecol@number=\count286
\multicoltolerance=\count287
\multicolpretolerance=\count288
\full@width=\dimen150
\page@free=\dimen151
\premulticols=\dimen152
\postmulticols=\dimen153
\multicolsep=\skip51
\multicolbaselineskip=\skip52
\partial@page=\box54
\last@line=\box55
\mc@boxedresult=\box56
\maxbalancingoverflow=\dimen154
\mult@rightbox=\box57
\mult@grightbox=\box58
\mult@firstbox=\box59
\mult@gfirstbox=\box60
\@tempa=\box61
\@tempa=\box62
\@tempa=\box63
\@tempa=\box64
\@tempa=\box65
\@tempa=\box66
\@tempa=\box67
\@tempa=\box68
\@tempa=\box69
\@tempa=\box70
\@tempa=\box71
\@tempa=\box72
\@tempa=\box73
\@tempa=\box74
\@tempa=\box75
\@tempa=\box76
\@tempa=\box77
\@tempa=\box78
\@tempa=\box79
\@tempa=\box80
\@tempa=\box81
\@tempa=\box82
\@tempa=\box83
\@tempa=\box84
\@tempa=\box85
\@tempa=\box86
\@tempa=\box87
\@tempa=\box88
\@tempa=\box89
\@tempa=\box90
\@tempa=\box91
\@tempa=\box92
\@tempa=\box93
\@tempa=\box94
\@tempa=\box95
\@tempa=\box96
\c@minrows=\count289
\c@columnbadness=\count290
\c@finalcolumnbadness=\count291
\last@try=\dimen155
\multicolovershoot=\dimen156
\multicolundershoot=\dimen157
\mult@nat@firstbox=\box97
\colbreak@box=\box98
\mc@col@check@num=\count292
\g__mc_curr_col_int=\count293
) (D:\Program Files (D)\tex/latex/oberdiek\aliascnt.sty
Package: aliascnt 2018/09/07 v1.5 Alias counters (HO)
)
\c@chapter=\count294
LaTeX Font Info:    Redeclaring math symbol \Gamma on input line 379.
LaTeX Font Info:    Redeclaring math symbol \Delta on input line 380.
LaTeX Font Info:    Redeclaring math symbol \Theta on input line 381.
LaTeX Font Info:    Redeclaring math symbol \Lambda on input line 382.
LaTeX Font Info:    Redeclaring math symbol \Xi on input line 383.
LaTeX Font Info:    Redeclaring math symbol \Pi on input line 384.
LaTeX Font Info:    Redeclaring math symbol \Sigma on input line 385.
LaTeX Font Info:    Redeclaring math symbol \Upsilon on input line 386.
LaTeX Font Info:    Redeclaring math symbol \Phi on input line 387.
LaTeX Font Info:    Redeclaring math symbol \Psi on input line 388.
LaTeX Font Info:    Redeclaring math symbol \Omega on input line 389.
LaTeX Info: Redefining \vec on input line 394.
\tocchpnum=\dimen158
\tocsecnum=\dimen159
\tocsectotal=\dimen160
\tocsubsecnum=\dimen161
\tocsubsectotal=\dimen162
\tocsubsubsecnum=\dimen163
\tocsubsubsectotal=\dimen164
\tocparanum=\dimen165
\tocparatotal=\dimen166
\tocsubparanum=\dimen167
\@tempcntc=\count295
\fnindent=\dimen168
\c@@inst=\count296
\c@@auth=\count297
\c@auco=\count298
\instindent=\dimen169
\authrun=\box99
\authorrunning=\toks17
\tocauthor=\toks18
\titrun=\box100
\titlerunning=\toks19
\toctitle=\toks20
\c@theorem=\count299
\c@case=\count300
\c@conjecture=\count301
\c@corollary=\count302
\c@definition=\count303
\c@example=\count304
\c@exercise=\count305
\c@lemma=\count306
\c@note=\count307
\c@problem=\count308
\c@property=\count309
\c@proposition=\count310
\c@question=\count311
\c@solution=\count312
\c@remark=\count313
\headlineindent=\dimen170
) (D:\Program Files (D)\tex/latex/base\fontenc.sty
Package: fontenc 2025/07/18 v2.1d Standard LaTeX package
) (D:\Program Files (D)\tex/latex/graphics\graphicx.sty
Package: graphicx 2024/12/31 v1.2e Enhanced LaTeX Graphics (DPC,SPQR)
 (D:\Program Files (D)\tex/latex/graphics\keyval.sty
Package: keyval 2022/05/29 v1.15 key=value parser (DPC)
\KV@toks@=\toks21
) (D:\Program Files (D)\tex/latex/graphics\graphics.sty
Package: graphics 2024/08/06 v1.4g Standard LaTeX Graphics (DPC,SPQR)
 (D:\Program Files (D)\tex/latex/graphics\trig.sty
Package: trig 2023/12/02 v1.11 sin cos tan (DPC)
) (D:\Program Files (D)\tex/latex/graphics-cfg\graphics.cfg
File: graphics.cfg 2016/06/04 v1.11 sample graphics configuration
)
Package graphics Info: Driver file: pdftex.def on input line 106.
 (D:\Program Files (D)\tex/latex/graphics-def\pdftex.def
File: pdftex.def 2025/09/29 v1.2d Graphics/color driver for pdftex
))
\Gin@req@height=\dimen171
\Gin@req@width=\dimen172
) (D:\Program Files (D)\tex/latex/listings\listings.sty
\lst@mode=\count314
\lst@gtempboxa=\box101
\lst@token=\toks22
\lst@length=\count315
\lst@currlwidth=\dimen173
\lst@column=\count316
\lst@pos=\count317
\lst@lostspace=\dimen174
\lst@width=\dimen175
\lst@newlines=\count318
\lst@lineno=\count319
\lst@maxwidth=\dimen176
 (D:\Program Files (D)\tex/latex/listings\lstpatch.sty
File: lstpatch.sty 2025/11/14 1.11b (Carsten Heinz)
) (D:\Program Files (D)\tex/latex/listings\lstmisc.sty
File: lstmisc.sty 2025/11/14 1.11b (Carsten Heinz)
\c@lstnumber=\count320
\lst@skipnumbers=\count321
\lst@framebox=\box102
) (D:\Program Files (D)\tex/latex/listings\listings.cfg
File: listings.cfg 2025/11/14 1.11b listings configuration
))
Package: listings 2025/11/14 1.11b (Carsten Heinz)

==> First Aid for listings.sty no longer applied!
    Expected:
        2024/09/23 1.10c (Carsten Heinz)
    but found:
        2025/11/14 1.11b (Carsten Heinz)
    so I'm assuming it got fixed.
(D:\Program Files (D)\tex/latex/l3backend\l3backend-pdftex.def
File: l3backend-pdftex.def 2025-10-09 L3 backend support: PDF output (pdfTeX)
\l__color_backend_stack_int=\count322
) (Visualization of LLL and BKZ.aux)
\openout1 = `"Visualization of LLL and BKZ.aux"'.

LaTeX Font Info:    Checking defaults for OML/cmm/m/it on input line 27.
LaTeX Font Info:    ... okay on input line 27.
LaTeX Font Info:    Checking defaults for OMS/cmsy/m/n on input line 27.
LaTeX Font Info:    ... okay on input line 27.
LaTeX Font Info:    Checking defaults for OT1/cmr/m/n on input line 27.
LaTeX Font Info:    ... okay on input line 27.
LaTeX Font Info:    Checking defaults for T1/cmr/m/n on input line 27.
LaTeX Font Info:    ... okay on input line 27.
LaTeX Font Info:    Checking defaults for TS1/cmr/m/n on input line 27.
LaTeX Font Info:    ... okay on input line 27.
LaTeX Font Info:    Checking defaults for OMX/cmex/m/n on input line 27.
LaTeX Font Info:    ... okay on input line 27.
LaTeX Font Info:    Checking defaults for U/cmr/m/n on input line 27.
LaTeX Font Info:    ... okay on input line 27.
 (D:\Program Files (D)\tex/context/base/mkii\supp-pdf.mkii
[Loading MPS to PDF converter (version 2006.09.02).]
\scratchcounter=\count323
\scratchdimen=\dimen177
\scratchbox=\box103
\nofMPsegments=\count324
\nofMParguments=\count325
\everyMPshowfont=\toks23
\MPscratchCnt=\count326
\MPscratchDim=\dimen178
\MPnumerator=\count327
\makeMPintoPDFobject=\count328
\everyMPtoPDFconversion=\toks24
) (D:\Program Files (D)\tex/latex/epstopdf-pkg\epstopdf-base.sty
Package: epstopdf-base 2020-01-24 v2.11 Base part for package epstopdf
Package epstopdf-base Info: Redefining graphics rule for `.eps' on input line 485.
 (D:\Program Files (D)\tex/latex/00miktex\epstopdf-sys.cfg
File: epstopdf-sys.cfg 2021/03/18 v2.0 Configuration of epstopdf for MiKTeX
))
\c@lstlisting=\count329
LaTeX Font Info:    External font `cmex10' loaded for size
(Font)              <7> on input line 46.
LaTeX Font Info:    External font `cmex10' loaded for size
(Font)              <5> on input line 46.
 [1

{C:/Users/ACER ASPIRE 3/AppData/Local/MiKTeX/fonts/map/pdftex/pdftex.map}]
Underfull \vbox (badness 10000) has occurred while \output is active []

 [2] [3]
<./pics/2Dvisz.png, id=21, 411.78844pt x 353.06906pt>
File: ./pics/2Dvisz.png Graphic file (type png)
<use ./pics/2Dvisz.png>
Package pdftex.def Info: ./pics/2Dvisz.png  used on input line 114.
(pdftex.def)             Requested size: 242.98541pt x 208.33588pt.
<./pics/3Dvisz.png, id=23, 392.21532pt x 329.73187pt>
File: ./pics/3Dvisz.png Graphic file (type png)
<use ./pics/3Dvisz.png>
Package pdftex.def Info: ./pics/3Dvisz.png  used on input line 121.
(pdftex.def)             Requested size: 242.98541pt x 204.2807pt.
<./pics/lovasz.png, id=24, 392.96812pt x 72.27pt>
File: ./pics/lovasz.png Graphic file (type png)
<use ./pics/lovasz.png>
Package pdftex.def Info: ./pics/lovasz.png  used on input line 132.
(pdftex.def)             Requested size: 242.98541pt x 44.68782pt.
 [4] [5 <./pics/2Dvisz.png> <./pics/3Dvisz.png>]
<./pics/currentstep.png, id=33, 391.4625pt x 75.28125pt>
File: ./pics/currentstep.png Graphic file (type png)
<use ./pics/currentstep.png>
Package pdftex.def Info: ./pics/currentstep.png  used on input line 143.
(pdftex.def)             Requested size: 242.98541pt x 46.72786pt.
<./pics/currentbasis.png, id=34, 402.00188pt x 121.20282pt>
File: ./pics/currentbasis.png Graphic file (type png)
<use ./pics/currentbasis.png>
Package pdftex.def Info: ./pics/currentbasis.png  used on input line 154.
(pdftex.def)             Requested size: 242.98541pt x 73.25858pt.
<./pics/svpres.png, id=35, 407.27156pt x 79.04532pt>
File: ./pics/svpres.png Graphic file (type png)
<use ./pics/svpres.png>
Package pdftex.def Info: ./pics/svpres.png  used on input line 164.
(pdftex.def)             Requested size: 242.98541pt x 47.15977pt.
 [6 <./pics/lovasz.png> <./pics/currentstep.png> <./pics/currentbasis.png>] [7 <./pics/svpres.png>]
LaTeX Font Info:    External font `cmex10' loaded for size
(Font)              <9> on input line 201.
LaTeX Font Info:    External font `cmex10' loaded for size
(Font)              <6> on input line 201.
Package epstopdf Info: Source file: <fig1.eps>
(epstopdf)                    date: 2026-04-26 19:11:51
(epstopdf)                    size: 357553 bytes
(epstopdf)             Output file: <fig1-eps-converted-to.pdf>
(epstopdf)                    date: 2026-04-26 19:11:51
(epstopdf)                    size: 36500 bytes
(epstopdf)             Command: <miktex-epstopdf --outfile=fig1-eps-converted-to.pdf fig1.eps>
(epstopdf)             \includegraphics on input line 225.
Package epstopdf Info: Output file is already uptodate.
<fig1-eps-converted-to.pdf, id=47, 345.29pt x 142.5325pt>
File: fig1-eps-converted-to.pdf Graphic file (type pdf)
<use fig1-eps-converted-to.pdf>
Package pdftex.def Info: fig1-eps-converted-to.pdf  used on input line 225.
(pdftex.def)             Requested size: 347.12354pt x 143.29115pt.
 [8] [9 <./fig1-eps-converted-to.pdf>] (Visualization of LLL and BKZ.aux)
 ***********
LaTeX2e <2025-11-01>
L3 programming layer <2026-01-19>
 ***********
 ) 
Here is how much of TeX's memory you used:
 3473 strings out of 467866
 51369 string characters out of 5429810
 467887 words of memory out of 5000000
 32359 multiletter control sequences out of 15000+600000
 638182 words of font info for 58 fonts, out of 8000000 for 9000
 1141 hyphenation exceptions out of 8191
 57i,9n,65p,1169b,266s stack positions out of 10000i,1000n,20000p,200000b,200000s
 <C:\Users\ACER ASPIRE 3\AppData\Local\MiKTeX\fonts/pk/ljfour/jknappen/ec/dpi600\ecrm0600.pk> <C:\Users\ACER ASPIRE 3\AppData\Local\MiKTeX\fonts/pk/ljfour/jknappen/ec/dpi600\ecti0900.pk> <C:\Users\ACER ASPIRE 3\AppData\Local\MiKTeX\fonts/pk/ljfour/jknappen/ec/dpi600\ecti1000.pk> <C:\Users\ACER ASPIRE 3\AppData\Local\MiKTeX\fonts/pk/ljfour/jknappen/ec/dpi600\ecbx1000.pk> <C:\Users\ACER ASPIRE 3\AppData\Local\MiKTeX\fonts/pk/ljfour/jknappen/ec/dpi600\ecbx1200.pk> <C:\Users\ACER ASPIRE 3\AppData\Local\MiKTeX\fonts/pk/ljfour/jknappen/ec/dpi600\tcrm0900.pk> <C:\Users\ACER ASPIRE 3\AppData\Local\MiKTeX\fonts/pk/ljfour/jknappen/ec/dpi600\ecbx0900.pk> <C:\Users\ACER ASPIRE 3\AppData\Local\MiKTeX\fonts/pk/ljfour/jknappen/ec/dpi600\ecrm0900.pk> <C:\Users\ACER ASPIRE 3\AppData\Local\MiKTeX\fonts/pk/ljfour/jknappen/ec/dpi600\ecrm1000.pk> <C:\Users\ACER ASPIRE 3\AppData\Local\MiKTeX\fonts/pk/ljfour/jknappen/ec/dpi600\ecbx1440.pk><D:/Program Files (D)/fonts/type1/public/amsfonts/cm/cmmi10.pfb><D:/Program Files (D)/fonts/type1/public/amsfonts/cm/cmmi7.pfb><D:/Program Files (D)/fonts/type1/public/amsfonts/cm/cmr10.pfb><D:/Program Files (D)/fonts/type1/public/amsfonts/cm/cmr7.pfb><D:/Program Files (D)/fonts/type1/public/amsfonts/cm/cmsy7.pfb>
Output written on "Visualization of LLL and BKZ.pdf" (9 pages, 283340 bytes).
PDF statistics:
 475 PDF objects out of 1000 (max. 8388607)
 0 named destinations out of 1000 (max. 500000)
 36 words of extra memory for PDF output out of 10000 (max. 10000000)

